週四 2026/04/30 23:01:26.08 OK 
週五 2026/05/01  2:53:39.54 OK 
週五 2026/05/01 22:46:51.00 OK 
週六 2026/05/02 22:46:13.08 OK 
週日 2026/05/03 22:46:27.52 OK 
週一 2026/05/04 22:46:32.16 OK 
週二 2026/05/05 20:08:54.32 OK 
週三 2026/05/06 19:24:36.57 OK 
週四 2026/05/07 19:41:06.14 OK 
週五 2026/05/08 15:37:39.55 OK 
週五 2026/05/08 19:36:52.42 OK 
週六 2026/05/09 23:05:10.43 OK 
週日 2026/05/10 23:04:34.26 OK 
週一 2026/05/11 19:45:52.24 OK 
週二 2026/05/12 19:44:30.98 OK 
週三 2026/05/13 19:40:14.88 OK 
週四 2026/05/14 20:46:56.98 OK 
週五 2026/05/15 19:41:15.15 OK 
週六 2026/05/16 23:06:14.11 OK 
週日 2026/05/17 23:05:25.04 OK 
週一 2026/05/18 19:40:13.99 OK 
週二 2026/05/19 20:56:35.19 OK 
週四 2026/05/21 19:43:36.61 OK 
週五 2026/05/22 19:44:48.61 OK 
2026/05/25 18:47:40 OK [fetch] saved=30/30
2026/05/26 20:48:48 OK [fetch] saved=30/30
2026/05/27 19:37:33 OK [fetch] saved=30/30
2026/05/28 20:37:41 OK [fetch] saved=30/30
2026/05/29 14:28:26 OK [fetch] saved=30/30
2026/05/30 18:49:38 OK [fetch] saved=30/30
2026/05/31 23:25:06 OK [fetch] saved=30/30
週日 2026/05/31 23:32:28.11 OK [pipeline] 
2026/06/01 15:09:52 OK [fetch] saved=30/30
2026/06/02 12:40:41 OK [fetch] saved=30/30
2026/06/02 15:39:32 OK [fetch] saved=30/30
2026/06/03 12:35:33 OK [fetch] saved=30/30
2026/06/04 13:18:32 OK [fetch] saved=30/30
2026/06/04 14:50:25 OK [fetch] saved=30/30
2026/06/05 11:14:17 OK [fetch] saved=30/30
2026/06/05 14:41:56 OK [fetch] saved=30/30
2026/06/06 10:05:20 OK [fetch] saved=30/30
2026/06/06 13:26:26 OK [fetch] saved=30/30
2026/06/07 12:03:35 OK [fetch] saved=30/30
2026/06/07 13:39:16 OK [fetch] saved=30/30
2026/06/08 13:23:05 OK [fetch] saved=30/30
2026/06/08 15:22:14 OK [fetch] saved=30/30
2026/06/09 12:32:41 OK [fetch] saved=30/30
2026/06/09 14:12:11 OK [fetch] saved=30/30
2026/06/10 13:36:25 OK [fetch] saved=30/30
2026/06/10 14:51:59 OK [fetch] saved=30/30
2026/06/11 13:16:23 OK [fetch] saved=30/30
2026/06/12 11:25:30 OK [fetch] saved=30/30
2026/06/13 11:24:25 OK [fetch] saved=30/30
2026/06/14 11:25:40 OK [fetch] saved=30/30
2026/06/15 11:25:12 OK [fetch] saved=30/30
2026/06/16 11:25:08 OK [fetch] saved=30/30
2026/06/17 11:25:40 OK [fetch] saved=30/30
2026/06/18 11:24:42 OK [fetch] saved=30/30
2026/06/19 11:30:39 OK [fetch] saved=30/30
2026/06/20 11:24:39 OK [fetch] saved=30/30
2026/06/21 11:22:58 OK [fetch] saved=30/30
2026/06/22 11:24:12 OK [fetch] saved=30/30
2026/06/23 11:24:32 OK [fetch] saved=30/30
2026/06/24 11:24:21 OK [fetch] saved=30/30
2026/06/25 11:25:41 OK [fetch] saved=30/30
2026/06/26 11:24:58 OK [fetch] saved=30/30
2026/06/27 11:24:23 OK [fetch] saved=30/30
2026/06/28 11:24:14 OK [fetch] saved=30/30
2026/06/29 11:24:03 OK [fetch] saved=30/30
2026/06/30 11:25:19 OK [fetch] saved=30/30
2026/07/01 11:24:53 OK [fetch] saved=30/30
2026/07/02 11:24:30 OK [fetch] saved=30/30
2026/07/03 11:24:50 OK [fetch] saved=30/30
2026/07/04 11:24:17 OK [fetch] saved=30/30
2026/07/05 11:25:03 OK [fetch] saved=30/30
2026/07/06 11:24:59 OK [fetch] saved=30/30
2026/07/07 11:25:07 OK [fetch] saved=30/30
2026/07/08 11:24:54 OK [fetch] saved=30/30
2026/07/09 11:26:19 OK [fetch] saved=30/30
2026/07/10 11:25:50 OK [fetch] saved=30/30
2026/07/11 11:25:19 OK [fetch] saved=30/30
2026/07/12 11:23:48 OK [fetch] saved=30/30
2026/07/13 11:25:45 OK [fetch] saved=30/30
2026/07/14 11:24:59 OK [fetch] saved=30/30
2026/07/15 11:25:37 OK [fetch] saved=30/30
2026/07/16 11:25:48 OK [fetch] saved=30/30
2026/07/17 11:25:10 OK [fetch] saved=30/30
2026/07/18 11:24:37 OK [fetch] saved=30/30
2026/07/19 11:27:11 OK [fetch] saved=30/30
2026/07/20 11:24:45 OK [fetch] saved=30/30
2026/07/21 11:25:08 OK [fetch] saved=30/30
2026/07/22 11:24:20 OK [fetch] saved=30/30
2026/07/23 11:26:12 OK [fetch] saved=30/30
2026/07/24 11:27:11 OK [fetch] saved=30/30
2026/07/25 11:24:49 OK [fetch] saved=30/30
2026/07/26 11:24:38 OK [fetch] saved=30/30
2026/07/27 11:24:34 OK [fetch] saved=30/30
2026/07/28 11:25:15 OK [fetch] saved=30/30
2026/07/29 11:24:15 OK [fetch] saved=30/30
2026/07/30 11:24:02 OK [fetch] saved=30/30
2026/07/31 11:24:42 OK [fetch] saved=30/30
2026/08/01 11:23:37 OK [fetch] saved=30/30
2026/08/02 11:24:59 OK [fetch] saved=30/30
2026/08/03 11:23:55 OK [fetch] saved=30/30
2026/08/04 11:30:24 OK [fetch] saved=30/30
2026/08/05 11:28:16 OK [fetch] saved=30/30
2026/08/06 11:26:12 OK [fetch] saved=30/30
2026/08/07 11:25:11 OK [fetch] saved=30/30
2026/08/08 11:24:13 OK [fetch] saved=30/30
2026/08/09 11:22:46 OK [fetch] saved=30/30
2026/08/10 11:29:01 OK [fetch] saved=30/30
2026/08/11 11:25:11 OK [fetch] saved=30/30
2026/08/12 11:24:11 OK [fetch] saved=30/30
2026/08/13 11:24:29 OK [fetch] saved=30/30
